
> portal@0.1.0 build
> next build

▲ Next.js 16.3.4 (Turbopack)
✓ Running next.config.ts took 130ms

  Creating an optimized production build ...
Error: Cannot apply unknown utility class `font-sans`. Are you using CSS modules or similar and missing `@reference`? https://tailwindcss.com/docs/functions-and-directives#reference-directive
    [2m[at onInvalidCandidate (/home/kalilinux/Documents/portal/node_modules/tailwindcss/dist/lib.js:21:1682)][0m
    [2m[at Oe (/home/kalilinux/Documents/portal/node_modules/tailwindcss/dist/lib.js:16:39796)][0m
    [2m[at /home/kalilinux/Documents/portal/node_modules/tailwindcss/dist/lib.js:21:711][0m
    [2m[at ai (/home/kalilinux/Documents/portal/node_modules/tailwindcss/dist/lib.js:5:1775)][0m
    [2m[at O (/home/kalilinux/Documents/portal/node_modules/tailwindcss/dist/lib.js:5:1377)][0m
    [2m[at Pe (/home/kalilinux/Documents/portal/node_modules/tailwindcss/dist/lib.js:21:172)][0m
    [2m[at On (/home/kalilinux/Documents/portal/node_modules/tailwindcss/dist/lib.js:38:294)][0m
    [2m[at process.processTicksAndRejections (node:internal/process/task_queues:104:5)][0m
    [2m[at async _n (/home/kalilinux/Documents/portal/node_modules/tailwindcss/dist/lib.js:38:631)][0m
    [2m[at async an (/home/kalilinux/Documents/portal/node_modules/@tailwindcss/node/dist/index.js:10:3415)][0m

> Build error occurred
Error: Turbopack build failed with 17 errors:
./app/globals.css
Error: Error evaluating Node.js code
CssSyntaxError: tailwindcss: /home/kalilinux/Documents/portal/app/globals.css:1:1: Cannot apply unknown utility class `font-sans`. Are you using CSS modules or similar and missing `@reference`? https://tailwindcss.com/docs/functions-and-directives#reference-directive
    at Input.error (node_modules/postcss/lib/input.js:135:16) [/home/kalilinux/Documents/portal/.next/build/chunks/node_modules_20v-8wl._.js:919:22]
    at error (node_modules/postcss/lib/node.js:166:32) [/home/kalilinux/Documents/portal/.next/build/chunks/node_modules_20v-8wl._.js:2274:38]
    [at Object.Once (/home/kalilinux/Documents/portal/node_modules/@tailwindcss/postcss/dist/index.js:10:7013)]
    [at process.processTicksAndRejections (node:internal/process/task_queues:104:5)]
    at async LazyResult.runAsync (node_modules/postcss/lib/lazy-result.js:299:11) [/home/kalilinux/Documents/portal/.next/build/chunks/node_modules_20v-8wl._.js:1323:21]
    at async transform (turbopack:///[turbopack-node]/transforms/postcss.ts?config=[project]/postcss.config.mjs:70:34) [/home/kalilinux/Documents/portal/.next/build/chunks/[root-of-the-server]__1kki86f._.js:98:36]
    at async run (turbopack:///[turbopack-node]/child_process/evaluate.ts:89:23) [/home/kalilinux/Documents/portal/.next/build/chunks/[root-of-the-server]__05i36w1._.js:73:31]

Import trace:
  Client Component Browser:
    ./app/globals.css [Client Component Browser]
    ./app/layout.tsx [Server Component]


./app/contact/page.tsx:2:1
Error: Export Facebook doesn't exist in target module
  [90m1 |[0m ...
[31m[1m>[0m [90m2 |[0m ..., [33mYoutube[0m, [33mLinked..[0m.
  [90m  |[0m    [31m[1m^^^^^^^^^^^^^^^^^^^^[0m
  [90m3 |[0m ...
  [90m4 |[0m ...
  [90m5 |[0m ...

The export Facebook was not found in module [project]/node_modules/lucide-react/dist/esm/lucide-react.mjs [app-rsc] (ecmascript).
Did you mean to import Webhook?
All exports of the module are statically known (It doesn't have dynamic exports). So it's known statically that the requested export doesn't exist.


./components/layout/Footer.tsx:3:1
Error: Export Facebook doesn't exist in target module
  [90m1 |[0m ...
  [90m2 |[0m ...
[31m[1m>[0m [90m3 |[0m ..., [33mTwitter[0m, [33mFacebo..[0m.
  [90m  |[0m    [31m[1m^^^^^^^^^^^^^^^^^^^^[0m
  [90m4 |[0m ...
  [90m5 |[0m ...
  [90m6 |[0m ...

The export Facebook was not found in module [project]/node_modules/lucide-react/dist/esm/lucide-react.mjs [app-rsc] (ecmascript).
Did you mean to import Webhook?
All exports of the module are statically known (It doesn't have dynamic exports). So it's known statically that the requested export doesn't exist.

Import trace:
  Server Component:
    ./components/layout/Footer.tsx
    ./app/layout.tsx


./components/navigation/TopBar.tsx:4:1
Error: Export Facebook doesn't exist in target module
  [90m2 |[0m ...
  [90m3 |[0m ...
[31m[1m>[0m [90m4 |[0m ...[33mbe[0m, [33mLinkedin[0m, [33mTwi...[0m
  [90m  |[0m    [31m[1m^^^^^^^^^^^^^^^^^^^^[0m
  [90m5 |[0m ...
  [90m6 |[0m ...
  [90m7 |[0m ...

The export Facebook was not found in module [project]/node_modules/lucide-react/dist/esm/lucide-react.mjs [app-client] (ecmascript).
Did you mean to import Webhook?
All exports of the module are statically known (It doesn't have dynamic exports). So it's known statically that the requested export doesn't exist.

Import trace:
  Server Component:
    ./components/navigation/TopBar.tsx
    ./app/layout.tsx


./components/navigation/TopBar.tsx:4:1
Error: Export Facebook doesn't exist in target module
  [90m2 |[0m ...
  [90m3 |[0m ...
[31m[1m>[0m [90m4 |[0m ...[33mbe[0m, [33mLinkedin[0m, [33mTwi...[0m
  [90m  |[0m    [31m[1m^^^^^^^^^^^^^^^^^^^^[0m
  [90m5 |[0m ...
  [90m6 |[0m ...
  [90m7 |[0m ...

The export Facebook was not found in module [project]/node_modules/lucide-react/dist/esm/lucide-react.mjs [app-ssr] (ecmascript).
Did you mean to import Webhook?
All exports of the module are statically known (It doesn't have dynamic exports). So it's known statically that the requested export doesn't exist.

Import trace:
  Server Component:
    ./components/navigation/TopBar.tsx
    ./app/layout.tsx


./app/contact/page.tsx:2:1
Error: Export Linkedin doesn't exist in target module
  [90m1 |[0m ...
[31m[1m>[0m [90m2 |[0m ..., [33mYoutube[0m, [33mLinked..[0m.
  [90m  |[0m    [31m[1m^^^^^^^^^^^^^^^^^^^^[0m
  [90m3 |[0m ...
  [90m4 |[0m ...
  [90m5 |[0m ...

The export Linkedin was not found in module [project]/node_modules/lucide-react/dist/esm/lucide-react.mjs [app-rsc] (ecmascript).
Did you mean to import Link?
All exports of the module are statically known (It doesn't have dynamic exports). So it's known statically that the requested export doesn't exist.


./components/layout/Footer.tsx:3:1
Error: Export Linkedin doesn't exist in target module
  [90m1 |[0m ...
  [90m2 |[0m ...
[31m[1m>[0m [90m3 |[0m ..., [33mTwitter[0m, [33mFacebo..[0m.
  [90m  |[0m    [31m[1m^^^^^^^^^^^^^^^^^^^^[0m
  [90m4 |[0m ...
  [90m5 |[0m ...
  [90m6 |[0m ...

The export Linkedin was not found in module [project]/node_modules/lucide-react/dist/esm/lucide-react.mjs [app-rsc] (ecmascript).
Did you mean to import Link?
All exports of the module are statically known (It doesn't have dynamic exports). So it's known statically that the requested export doesn't exist.

Import trace:
  Server Component:
    ./components/layout/Footer.tsx
    ./app/layout.tsx


./components/navigation/TopBar.tsx:4:1
Error: Export Linkedin doesn't exist in target module
  [90m2 |[0m ...
  [90m3 |[0m ...
[31m[1m>[0m [90m4 |[0m ...[33mbe[0m, [33mLinkedin[0m, [33mTwi...[0m
  [90m  |[0m    [31m[1m^^^^^^^^^^^^^^^^^^^^[0m
  [90m5 |[0m ...
  [90m6 |[0m ...
  [90m7 |[0m ...

The export Linkedin was not found in module [project]/node_modules/lucide-react/dist/esm/lucide-react.mjs [app-client] (ecmascript).
Did you mean to import Link?
All exports of the module are statically known (It doesn't have dynamic exports). So it's known statically that the requested export doesn't exist.

Import trace:
  Server Component:
    ./components/navigation/TopBar.tsx
    ./app/layout.tsx


./components/navigation/TopBar.tsx:4:1
Error: Export Linkedin doesn't exist in target module
  [90m2 |[0m ...
  [90m3 |[0m ...
[31m[1m>[0m [90m4 |[0m ...[33mbe[0m, [33mLinkedin[0m, [33mTwi...[0m
  [90m  |[0m    [31m[1m^^^^^^^^^^^^^^^^^^^^[0m
  [90m5 |[0m ...
  [90m6 |[0m ...
  [90m7 |[0m ...

The export Linkedin was not found in module [project]/node_modules/lucide-react/dist/esm/lucide-react.mjs [app-ssr] (ecmascript).
Did you mean to import Link?
All exports of the module are statically known (It doesn't have dynamic exports). So it's known statically that the requested export doesn't exist.

Import trace:
  Server Component:
    ./components/navigation/TopBar.tsx
    ./app/layout.tsx


./app/contact/page.tsx:2:1
Error: Export Twitter doesn't exist in target module
  [90m1 |[0m ...
[31m[1m>[0m [90m2 |[0m ..., [33mYoutube[0m, [33mLinked..[0m.
  [90m  |[0m    [31m[1m^^^^^^^^^^^^^^^^^^^^[0m
  [90m3 |[0m ...
  [90m4 |[0m ...
  [90m5 |[0m ...

The export Twitter was not found in module [project]/node_modules/lucide-react/dist/esm/lucide-react.mjs [app-rsc] (ecmascript).
Did you mean to import Timer?
All exports of the module are statically known (It doesn't have dynamic exports). So it's known statically that the requested export doesn't exist.


./components/layout/Footer.tsx:3:1
Error: Export Twitter doesn't exist in target module
  [90m1 |[0m ...
  [90m2 |[0m ...
[31m[1m>[0m [90m3 |[0m ..., [33mTwitter[0m, [33mFacebo..[0m.
  [90m  |[0m    [31m[1m^^^^^^^^^^^^^^^^^^^^[0m
  [90m4 |[0m ...
  [90m5 |[0m ...
  [90m6 |[0m ...

The export Twitter was not found in module [project]/node_modules/lucide-react/dist/esm/lucide-react.mjs [app-rsc] (ecmascript).
Did you mean to import Timer?
All exports of the module are statically known (It doesn't have dynamic exports). So it's known statically that the requested export doesn't exist.

Import trace:
  Server Component:
    ./components/layout/Footer.tsx
    ./app/layout.tsx


./components/navigation/TopBar.tsx:4:1
Error: Export Twitter doesn't exist in target module
  [90m2 |[0m ...
  [90m3 |[0m ...
[31m[1m>[0m [90m4 |[0m ...[33mbe[0m, [33mLinkedin[0m, [33mTwi...[0m
  [90m  |[0m    [31m[1m^^^^^^^^^^^^^^^^^^^^[0m
  [90m5 |[0m ...
  [90m6 |[0m ...
  [90m7 |[0m ...

The export Twitter was not found in module [project]/node_modules/lucide-react/dist/esm/lucide-react.mjs [app-client] (ecmascript).
Did you mean to import Timer?
All exports of the module are statically known (It doesn't have dynamic exports). So it's known statically that the requested export doesn't exist.

Import trace:
  Server Component:
    ./components/navigation/TopBar.tsx
    ./app/layout.tsx


./components/navigation/TopBar.tsx:4:1
Error: Export Twitter doesn't exist in target module
  [90m2 |[0m ...
  [90m3 |[0m ...
[31m[1m>[0m [90m4 |[0m ...[33mbe[0m, [33mLinkedin[0m, [33mTwi...[0m
  [90m  |[0m    [31m[1m^^^^^^^^^^^^^^^^^^^^[0m
  [90m5 |[0m ...
  [90m6 |[0m ...
  [90m7 |[0m ...

The export Twitter was not found in module [project]/node_modules/lucide-react/dist/esm/lucide-react.mjs [app-ssr] (ecmascript).
Did you mean to import Timer?
All exports of the module are statically known (It doesn't have dynamic exports). So it's known statically that the requested export doesn't exist.

Import trace:
  Server Component:
    ./components/navigation/TopBar.tsx
    ./app/layout.tsx


./app/contact/page.tsx:2:1
Error: Export Youtube doesn't exist in target module
  [90m1 |[0m ...
[31m[1m>[0m [90m2 |[0m ..., [33mYoutube[0m, [33mLinked..[0m.
  [90m  |[0m    [31m[1m^^^^^^^^^^^^^^^^^^^^[0m
  [90m3 |[0m ...
  [90m4 |[0m ...
  [90m5 |[0m ...

The export Youtube was not found in module [project]/node_modules/lucide-react/dist/esm/lucide-react.mjs [app-rsc] (ecmascript).
Did you mean to import Route?
All exports of the module are statically known (It doesn't have dynamic exports). So it's known statically that the requested export doesn't exist.


./components/layout/Footer.tsx:3:1
Error: Export Youtube doesn't exist in target module
  [90m1 |[0m ...
  [90m2 |[0m ...
[31m[1m>[0m [90m3 |[0m ..., [33mTwitter[0m, [33mFacebo..[0m.
  [90m  |[0m    [31m[1m^^^^^^^^^^^^^^^^^^^^[0m
  [90m4 |[0m ...
  [90m5 |[0m ...
  [90m6 |[0m ...

The export Youtube was not found in module [project]/node_modules/lucide-react/dist/esm/lucide-react.mjs [app-rsc] (ecmascript).
Did you mean to import Route?
All exports of the module are statically known (It doesn't have dynamic exports). So it's known statically that the requested export doesn't exist.

Import trace:
  Server Component:
    ./components/layout/Footer.tsx
    ./app/layout.tsx


./components/navigation/TopBar.tsx:4:1
Error: Export Youtube doesn't exist in target module
  [90m2 |[0m ...
  [90m3 |[0m ...
[31m[1m>[0m [90m4 |[0m ...[33mbe[0m, [33mLinkedin[0m, [33mTwi...[0m
  [90m  |[0m    [31m[1m^^^^^^^^^^^^^^^^^^^^[0m
  [90m5 |[0m ...
  [90m6 |[0m ...
  [90m7 |[0m ...

The export Youtube was not found in module [project]/node_modules/lucide-react/dist/esm/lucide-react.mjs [app-client] (ecmascript).
Did you mean to import Route?
All exports of the module are statically known (It doesn't have dynamic exports). So it's known statically that the requested export doesn't exist.

Import trace:
  Server Component:
    ./components/navigation/TopBar.tsx
    ./app/layout.tsx


./components/navigation/TopBar.tsx:4:1
Error: Export Youtube doesn't exist in target module
  [90m2 |[0m ...
  [90m3 |[0m ...
[31m[1m>[0m [90m4 |[0m ...[33mbe[0m, [33mLinkedin[0m, [33mTwi...[0m
  [90m  |[0m    [31m[1m^^^^^^^^^^^^^^^^^^^^[0m
  [90m5 |[0m ...
  [90m6 |[0m ...
  [90m7 |[0m ...

The export Youtube was not found in module [project]/node_modules/lucide-react/dist/esm/lucide-react.mjs [app-ssr] (ecmascript).
Did you mean to import Route?
All exports of the module are statically known (It doesn't have dynamic exports). So it's known statically that the requested export doesn't exist.

Import trace:
  Server Component:
    ./components/navigation/TopBar.tsx
    ./app/layout.tsx


    at async transform (turbopack:///[turbopack-node]/transforms/postcss.ts?config=[project]/postcss.config.mjs:70:34) [/home/kalilinux/Documents/portal/.next/build/chunks/[root-of-the-server]__1kki86f._.js:98:36])
    at async run (turbopack:///[turbopack-node]/child_process/evaluate.ts:89:23) [/home/kalilinux/Documents/portal/.next/build/chunks/[root-of-the-server]__05i36w1._.js:73:31])
    at <unknown> (./app/contact/page.tsx:2:1)
    at <unknown> (./components/layout/Footer.tsx:3:1)
    at <unknown> (./components/navigation/TopBar.tsx:4:1)
    at <unknown> (./components/navigation/TopBar.tsx:4:1)
    ... collapsed 12 duplicate lines matching above 4 lines 3 times...
